
> jag-frontend@0.1.0 test
> jest src/components/auth/__tests__/LoginForm.test.tsx --no-coverage

node.exe : FAIL src/components/auth/__tests__/LoginForm.test.tsx (9.939 s)
Au caractère Ligne:1 : 1
+ & "C:\Program Files\nodejs/node.exe" "C:\Program Files\nodejs/node_mo ...
+ ~~~~~~~~~~~~~~~~~~~~~~~~~~~~~~~~~~~~~~~~~~~~~~~~~~~~~~~~~~~~~~~~~~~~~
    + CategoryInfo          : NotSpecified: (FAIL src/compon...t.tsx (9.939 s):String) [], RemoteException
    + FullyQualifiedErrorId : NativeCommandError
 
  LoginForm Component
    ├ù should render login form with all fields (149 ms)
    ÔêÜ should disable submit button when fields are empty (211 ms)
    ÔêÜ should enable submit button when fields are filled (1236 ms)
    ÔêÜ should toggle password visibility (216 ms)
    ├ù should clear error when user types (2271 ms)
    ÔêÜ should call onSwitchToRegister when sign up button is clicked (120 ms)
    ÔêÜ should handle successful login (1181 ms)
    ├ù should handle login error (162 ms)
    ÔêÜ should show loading state during submission (1284 ms)
    ÔêÜ should prevent form submission when loading (1151 ms)

  ÔùÅ LoginForm Component ÔÇ║ should render login form with all fields

    TestingLibraryElementError: Unable to find an element with the text: Connexion. This could be because the text is 
broken up by multiple elements. In this case, you can provide a function for your text matcher to make your matcher 
more flexible.

    Ignored nodes: comments, script, style
    [36m<body>[39m
      [36m<div>[39m
        [36m<form[39m
          [33mclass[39m=[32m"MuiBox-root css-8atqhb"[39m
        [36m>[39m
          [36m<div[39m
            [33mclass[39m=[32m"MuiBox-root css-cacgvk"[39m
          [36m>[39m
            [36m<div[39m
              [33mclass[39m=[32m"MuiBox-root css-5aicra"[39m
            [36m>[39m
              [36m<svg[39m
                [33maria-hidden[39m=[32m"true"[39m
                [33mclass[39m=[32m"MuiSvgIcon-root MuiSvgIcon-fontSizeMedium css-1dzl1ra-MuiSvgIcon-root"[39m
                [33mdata-testid[39m=[32m"LoginIcon"[39m
                [33mfocusable[39m=[32m"false"[39m
                [33mviewBox[39m=[32m"0 0 24 24"[39m
              [36m>[39m
                [36m<path[39m
                  [33md[39m=[32m"M11 7 9.6 8.4l2.6 2.6H2v2h10.2l-2.6 2.6L11 17l5-5zm9 12h-8v2h8c1.1 0 2-.9 
2-2V5c0-1.1-.9-2-2-2h-8v2h8z"[39m
                [36m/>[39m
              [36m</svg>[39m
            [36m</div>[39m
            [36m<h2[39m
              [33mclass[39m=[32m"MuiTypography-root MuiTypography-h5 MuiTypography-gutterBottom 
css-186kllv-MuiTypography-root"[39m
            [36m>[39m
              [0mlogin.title[0m
            [36m</h2>[39m
            [36m<p[39m
              [33mclass[39m=[32m"MuiTypography-root MuiTypography-body2 css-1wle3ir-MuiTypography-root"[39m
            [36m>[39m
              [0mlogin.subtitle[0m
            [36m</p>[39m
          [36m</div>[39m
          [36m<div[39m
            [33mclass[39m=[32m"MuiBox-root css-i3pbo"[39m
          [36m>[39m
            [36m<button[39m
              [33mclass[39m=[32m"MuiButtonBase-root MuiButton-root MuiButton-outlined MuiButton-outlinedPrimary 
MuiButton-sizeMedium MuiButton-outlinedSizeMedium MuiButton-colorPrimary MuiButton-fullWidth MuiButton-root 
MuiButton-outlined MuiButton-outlinedPrimary MuiButton-sizeMedium MuiButton-outlinedSizeMedium MuiButton-colorPrimary 
MuiButton-fullWidth css-1yy0l83-MuiButtonBase-root-MuiButton-root"[39m
              [33mtabindex[39m=[32m"0"[39m
              [33mtype[39m=[32m"button"[39m
            [36m>[39m
              [36m<span[39m
                [33mclass[39m=[32m"MuiButton-icon MuiButton-startIcon MuiButton-iconSizeMedium 
css-1sh91j5-MuiButton-startIcon"[39m
              [36m>[39m
                [36m<svg[39m
                  [33mheight[39m=[32m"18"[39m
                  [33mviewBox[39m=[32m"0 0 48 48"[39m
                  [33mwidth[39m=[32m"18"[39m
                [36m>[39m
                  [36m<path[39m
                    [33md[39m=[32m"M24 9.5c3.54 0 6.71 1.22 9.21 3.6l6.85-6.85C35.9 2.38 30.47 0 24 0 14.62 0 6.51 
5.38 2.56 13.22l7.98 6.19C12.43 13.72 17.74 9.5 24 9.5z"[39m
                    [33mfill[39m=[32m"#EA4335"[39m
                  [36m/>[39m
                  [36m<path[39m
                    [33md[39m=[32m"M46.98 24.55c0-1.57-.15-3.09-.38-4.55H24v9.02h12.94c-.58 2.96-2.26 5.48-4.78 
7.18l7.73 6c4.51-4.18 7.09-10.36 7.09-17.65z"[39m
                    [33mfill[39m=[32m"#4285F4"[39m
                  [36m/>[39m
                  [36m<path[39m
                    [33md[39m=[32m"M10.53 28.59c-.48-1.45-.76-2.99-.76-4.59s.27-3.14.76-4.59l-7.98-6.19C.92 16.46 0 
20.12 0 24c0 3.88.92 7.54 2.56 10.78l7.97-6.19z"[39m
                    [33mfill[39m=[32m"#FBBC05"[39m
                  [36m/>[39m
                  [36m<path[39m
                    [33md[39m=[32m"M24 48c6.48 0 11.93-2.13 15.89-5.81l-7.73-6c-2.15 1.45-4.92 2.3-8.16 2.3-6.26 
0-11.57-4.22-13.47-9.91l-7.98 6.19C6.51 42.62 14.62 48 24 48z"[39m
                    [33mfill[39m=[32m"#34A853"[39m
                  [36m/>[39m
                [36m</svg>[39m
              [36m</span>[39m
              [0moauth.continueWithGoogle[0m
            [36m</button>[39m
            [36m<button[39m
              [33mclass[39m=[32m"MuiButtonBase-root MuiButton-root MuiButton-outlined MuiButton-outlinedPrimary 
MuiButton-sizeMedium MuiButton-outlinedSizeMedium MuiButton-colorPrimary MuiButton-fullWidth MuiButton-root 
MuiButton-outlined MuiButton-outlinedPrimary MuiButton-sizeMedium MuiButton-outlinedSizeMedium MuiButton-colorPrimary 
MuiButton-fullWidth css-6p68ds-MuiButtonBase-root-MuiButton-root"[39m
              [33mtabindex[39m=[32m"0"[39m
              [33mtype[39m=[32m"button"[39m
            [36m>[39m
              [36m<span[39m
                [33mclass[39m=[32m"MuiButton-icon MuiButton-startIcon MuiButton-iconSizeMedium 
css-1sh91j5-MuiButton-startIcon"[39m
              [36m>[39m
                [36m<svg[39m
                  [33mheight[39m=[32m"18"[39m
                  [33mviewBox[39m=[32m"0 0 48 48"[39m
                  [33mwidth[39m=[32m"18"[39m
                [36m>[39m
                  [36m<path[39m
                    [33md[39m=[32m"M48 24C48 10.745 37.255 0 24 0S0 10.745 0 24c0 11.979 8.776 21.908 20.25 
23.708v-16.77h-6.094V24h6.094v-5.288c0-6.014 3.583-9.337 9.065-9.337 2.625 0 5.372.469 5.372.469v5.906h-3.026c-2.981 
0-3.911 1.85-3.911 3.75V24h6.656l-1.064 6.938H27.75v16.77C39.224 45.908 48 35.978 48 24z"[39m
                    [33mfill[39m=[32m"#1877F2"[39m
                  [36m/>[39m
                [36m</svg>[39m
              [36m</span>[39m
              [0moauth.continueWithFacebook[0m
            [36m</button>[39m
          [36m</div>[39m
          [36m<div[39m
            [33maria-orientation[39m=[32m"horizontal"[39m
            [33mclass[39m=[32m"MuiDivider-root MuiDivider-fullWidth MuiDivider-withChildren 
css-7bs9ws-MuiDivider-root"[39m
            [33mrole[39m=[32m"separator"[39m
          [36m>[39m
            [36m<span[39m
              [33mclass[39m=[32m"MuiDivider-wrapper css-1134oje-MuiDivider-wrapper"[39m
            [36m>[39m
              [36m<p[39m
                [33mclass[39m=[32m"MuiTypography-root MuiTypography-body2 css-15sqjq-MuiTypography-root"[39m
              [36m>[39m
                [0moauth.orDivider[0m
              [36m</p>[39m
            [36m</span>[39m
          [36m</div>[39m
          [36m<div[39m
            [33mclass[39m=[32m"MuiFormControl-root MuiFormControl-marginNormal MuiFormControl-fullWidth 
MuiTextField-root css-13ra5jz-MuiFormControl-root-MuiTextField-root"[39m
          [36m>[39m
            [36m<label[39m
              [33mclass[39m=[32m"MuiFormLabel-root MuiInputLabel-root MuiInputLabel-formControl 
MuiInputLabel-animated MuiInputLabel-shrink MuiInputLabel-outlined MuiFormLabel-colorPrimary Mui-required 
MuiInputLabel-root MuiInputLabel-formControl MuiInputLabel-animated MuiInputLabel-shrink MuiInputLabel-outlined 
css-113d811-MuiFormLabel-root-MuiInputLabel-root"[39m
              [33mdata-shrink[39m=[32m"true"[39m
              [33mfor[39m=[32m"_r_2_"[39m
              [33mid[39m=[32m"_r_2_-label"[39m
            [36m>[39m
              [0mlogin.emailLabel[0m
              [36m<span[39m
                [33maria-hidden[39m=[32m"true"[39m
                [33mclass[39m=[32m"MuiFormLabel-asterisk MuiInputLabel-asterisk 
css-1ljffdk-MuiFormLabel-asterisk"[39m
              [36m>[39m
                [0mÔÇë[0m
                [0m*[0m
              [36m</span>[39m
            [36m</label>[39m
            [36m<div[39m
              [33mclass[39m=[32m"MuiInpu...

      58 |     renderLoginForm()
      59 |
    > 60 |     expect(screen.getByText('Connexion')).toBeInTheDocument()
         |                   ^
      61 |     expect(screen.getByText('Connectez-vous ├á votre compte JustGift')).toBeInTheDocument()
      62 |     expect(screen.getByRole('textbox', { name: /email/i })).toBeInTheDocument()
      63 |     expect(screen.getAllByDisplayValue('')).toHaveLength(2)

      at Object.getElementError (node_modules/@testing-library/dom/dist/config.js:37:19)
      at node_modules/@testing-library/dom/dist/query-helpers.js:76:38
      at node_modules/@testing-library/dom/dist/query-helpers.js:52:17
      at node_modules/@testing-library/dom/dist/query-helpers.js:95:19
      at Object.getByText (src/components/auth/__tests__/LoginForm.test.tsx:60:19)

  ÔùÅ LoginForm Component ÔÇ║ should clear error when user types

    Unable to find an element with the text: Erreur de test. This could be because the text is broken up by multiple 
elements. In this case, you can provide a function for your text matcher to make your matcher more flexible.

    Ignored nodes: comments, script, style
    [36m<body>[39m
      [36m<div>[39m
        [36m<form[39m
          [33mclass[39m=[32m"MuiBox-root css-8atqhb"[39m
        [36m>[39m
          [36m<div[39m
            [33mclass[39m=[32m"MuiBox-root css-cacgvk"[39m
          [36m>[39m
            [36m<div[39m
              [33mclass[39m=[32m"MuiBox-root css-5aicra"[39m
            [36m>[39m
              [36m<svg[39m
                [33maria-hidden[39m=[32m"true"[39m
                [33mclass[39m=[32m"MuiSvgIcon-root MuiSvgIcon-fontSizeMedium css-1dzl1ra-MuiSvgIcon-root"[39m
                [33mdata-testid[39m=[32m"LoginIcon"[39m
                [33mfocusable[39m=[32m"false"[39m
                [33mviewBox[39m=[32m"0 0 24 24"[39m
              [36m>[39m
                [36m<path[39m
                  [33md[39m=[32m"M11 7 9.6 8.4l2.6 2.6H2v2h10.2l-2.6 2.6L11 17l5-5zm9 12h-8v2h8c1.1 0 2-.9 
2-2V5c0-1.1-.9-2-2-2h-8v2h8z"[39m
                [36m/>[39m
              [36m</svg>[39m
            [36m</div>[39m
            [36m<h2[39m
              [33mclass[39m=[32m"MuiTypography-root MuiTypography-h5 MuiTypography-gutterBottom 
css-186kllv-MuiTypography-root"[39m
            [36m>[39m
              [0mlogin.title[0m
            [36m</h2>[39m
            [36m<p[39m
              [33mclass[39m=[32m"MuiTypography-root MuiTypography-body2 css-1wle3ir-MuiTypography-root"[39m
            [36m>[39m
              [0mlogin.subtitle[0m
            [36m</p>[39m
          [36m</div>[39m
          [36m<div[39m
            [33mclass[39m=[32m"MuiPaper-root MuiPaper-elevation MuiPaper-rounded MuiPaper-elevation0 MuiAlert-root 
MuiAlert-colorError MuiAlert-standardError MuiAlert-standard css-1rwefhk-MuiPaper-root-MuiAlert-root"[39m
            [33mrole[39m=[32m"alert"[39m
            [33mstyle[39m=[32m"--Paper-shadow: none;"[39m
          [36m>[39m
            [36m<div[39m
              [33mclass[39m=[32m"MuiAlert-icon css-vab54s-MuiAlert-icon"[39m
            [36m>[39m
              [36m<svg[39m
                [33maria-hidden[39m=[32m"true"[39m
                [33mclass[39m=[32m"MuiSvgIcon-root MuiSvgIcon-fontSizeInherit css-1ckov0h-MuiSvgIcon-root"[39m
                [33mdata-testid[39m=[32m"ErrorOutlineIcon"[39m
                [33mfocusable[39m=[32m"false"[39m
                [33mviewBox[39m=[32m"0 0 24 24"[39m
              [36m>[39m
                [36m<path[39m
                  [33md[39m=[32m"M11 15h2v2h-2zm0-8h2v6h-2zm.99-5C6.47 2 2 6.48 2 12s4.47 10 9.99 10C17.52 22 22 
17.52 22 12S17.52 2 11.99 2zM12 20c-4.42 0-8-3.58-8-8s3.58-8 8-8 8 3.58 8 8-3.58 8-8 8z"[39m
                [36m/>[39m
              [36m</svg>[39m
            [36m</div>[39m
            [36m<div[39m
              [33mclass[39m=[32m"MuiAlert-message css-zioonp-MuiAlert-message"[39m
            [36m>[39m
              [0mauth.errors.unknown[0m
            [36m</div>[39m
          [36m</div>[39m
          [36m<div[39m
            [33mclass[39m=[32m"MuiBox-root css-i3pbo"[39m
          [36m>[39m
            [36m<button[39m
              [33mclass[39m=[32m"MuiButtonBase-root MuiButton-root MuiButton-outlined MuiButton-outlinedPrimary 
MuiButton-sizeMedium MuiButton-outlinedSizeMedium MuiButton-colorPrimary MuiButton-fullWidth MuiButton-root 
MuiButton-outlined MuiButton-outlinedPrimary MuiButton-sizeMedium MuiButton-outlinedSizeMedium MuiButton-colorPrimary 
MuiButton-fullWidth css-1yy0l83-MuiButtonBase-root-MuiButton-root"[39m
              [33mtabindex[39m=[32m"0"[39m
              [33mtype[39m=[32m"button"[39m
            [36m>[39m
              [36m<span[39m
                [33mclass[39m=[32m"MuiButton-icon MuiButton-startIcon MuiButton-iconSizeMedium 
css-1sh91j5-MuiButton-startIcon"[39m
              [36m>[39m
                [36m<svg[39m
                  [33mheight[39m=[32m"18"[39m
                  [33mviewBox[39m=[32m"0 0 48 48"[39m
                  [33mwidth[39m=[32m"18"[39m
                [36m>[39m
                  [36m<path[39m
                    [33md[39m=[32m"M24 9.5c3.54 0 6.71 1.22 9.21 3.6l6.85-6.85C35.9 2.38 30.47 0 24 0 14.62 0 6.51 
5.38 2.56 13.22l7.98 6.19C12.43 13.72 17.74 9.5 24 9.5z"[39m
                    [33mfill[39m=[32m"#EA4335"[39m
                  [36m/>[39m
                  [36m<path[39m
                    [33md[39m=[32m"M46.98 24.55c0-1.57-.15-3.09-.38-4.55H24v9.02h12.94c-.58 2.96-2.26 5.48-4.78 
7.18l7.73 6c4.51-4.18 7.09-10.36 7.09-17.65z"[39m
                    [33mfill[39m=[32m"#4285F4"[39m
                  [36m/>[39m
                  [36m<path[39m
                    [33md[39m=[32m"M10.53 28.59c-.48-1.45-.76-2.99-.76-4.59s.27-3.14.76-4.59l-7.98-6.19C.92 16.46 0 
20.12 0 24c0 3.88.92 7.54 2.56 10.78l7.97-6.19z"[39m
                    [33mfill[39m=[32m"#FBBC05"[39m
                  [36m/>[39m
                  [36m<path[39m
                    [33md[39m=[32m"M24 48c6.48 0 11.93-2.13 15.89-5.81l-7.73-6c-2.15 1.45-4.92 2.3-8.16 2.3-6.26 
0-11.57-4.22-13.47-9.91l-7.98 6.19C6.51 42.62 14.62 48 24 48z"[39m
                    [33mfill[39m=[32m"#34A853"[39m
                  [36m/>[39m
                [36m</svg>[39m
              [36m</span>[39m
              [0moauth.continueWithGoogle[0m
            [36m</button>[39m
            [36m<button[39m
              [33mclass[39m=[32m"MuiButtonBase-root MuiButton-root MuiButton-outlined MuiButton-outlinedPrimary 
MuiButton-sizeMedium MuiButton-outlinedSizeMedium MuiButton-colorPrimary MuiButton-fullWidth MuiButton-root 
MuiButton-outlined MuiButton-outlinedPrimary MuiButton-sizeMedium MuiButton-outlinedSizeMedium MuiButton-colorPrimary 
MuiButton-fullWidth css-6p68ds-MuiButtonBase-root-MuiButton-root"[39m
              [33mtabindex[39m=[32m"0"[39m
              [33mtype[39m=[32m"button"[39m
            [36m>[39m
              [36m<span[39m
                [33mclass[39m=[32m"MuiButton-icon MuiButton-startIcon MuiButton-iconSizeMedium 
css-1sh91j5-MuiButton-startIcon"[39m
              [36m>[39m
                [36m<svg[39m
                  [33mheight[39m=[32m"18"[39m
                  [33mviewBox[39m=[32m"0 0 48 48"[39m
                  [33mwidth[39m=[32m"18"[39m
                [36m>[39m
                  [36m<path[39m
                    [33md[39m=[32m"M48 24C48 10.745 37.255 0 24 0S0 10.745 0 24c0 11.979 8.776 21.908 20.25 
23.708v-16.77h-6.094V24h6.094v-5.288c0-6.014 3.583-9.337 9.065-9.337 2.625 0 5.372.469 5.372.469v5.906h-3.026c-2.981 
0-3.911 1.85-3.911 3.75V24h6.656l-1.064 6.938H27.75v16.77C39.224 45.908 48 35.978 48 24z"[39m
                    [33mfill[39m=[32m"#1877F2"[39m
                  [36m/>[39m
                [36m</svg>[39m
              [36m</span>[39m
              [0moauth.continueWithFacebook[0m
            [36m</button>[39m
          [36m</div>[39m
          [36m<div[39m
            [33maria-orientation[39m=[32m"horizontal"[39m
            [33mclass[39m=[32m"MuiDivider-root MuiDivider-fullWidth MuiDivider-withChildren 
css-7bs9ws-MuiDivider-root"[39m
            [33mrole[39m=[32m"separator"[39m
          [36m>[39m
            [36m<span[39m
              [33mclass[39m=[32m"MuiDivider-wrapper css-1134oje-MuiDivider-wrapper"[39m
            [36m>[39m
              [36m<p[39m
                [33mclass[39m=[32m"MuiTypograph...

      122 |     await user.click(submitButton)
      123 |
    > 124 |     await waitFor(() => {
          |                  ^
      125 |       expect(screen.getByText('Erreur de test')).toBeInTheDocument()
      126 |     })
      127 |

      at waitForWrapper (node_modules/@testing-library/dom/dist/wait-for.js:163:27)
      at Object.<anonymous> (src/components/auth/__tests__/LoginForm.test.tsx:124:18)

  ÔùÅ LoginForm Component ÔÇ║ should handle login error

    TestingLibraryElementError: Unable to find an accessible element with the role "button" and name `/connecter/i`

    Here are the accessible roles:

      heading:

      Name "login.title":
      [36m<h2[39m
        [33mclass[39m=[32m"MuiTypography-root MuiTypography-h5 MuiTypography-gutterBottom 
css-186kllv-MuiTypography-root"[39m
      [36m/>[39m

      --------------------------------------------------
      paragraph:

      Name "":
      [36m<p[39m
        [33mclass[39m=[32m"MuiTypography-root MuiTypography-body2 css-1wle3ir-MuiTypography-root"[39m
      [36m/>[39m

      Name "":
      [36m<p[39m
        [33mclass[39m=[32m"MuiTypography-root MuiTypography-body2 css-15sqjq-MuiTypography-root"[39m
      [36m/>[39m

      Name "":
      [36m<p[39m
        [33mclass[39m=[32m"MuiTypography-root MuiTypography-body2 css-1wle3ir-MuiTypography-root"[39m
      [36m/>[39m

      --------------------------------------------------
      button:

      Name "oauth.continueWithGoogle":
      [36m<button[39m
        [33mclass[39m=[32m"MuiButtonBase-root MuiButton-root MuiButton-outlined MuiButton-outlinedPrimary 
MuiButton-sizeMedium MuiButton-outlinedSizeMedium MuiButton-colorPrimary MuiButton-fullWidth MuiButton-root 
MuiButton-outlined MuiButton-outlinedPrimary MuiButton-sizeMedium MuiButton-outlinedSizeMedium MuiButton-colorPrimary 
MuiButton-fullWidth css-1yy0l83-MuiButtonBase-root-MuiButton-root"[39m
        [33mtabindex[39m=[32m"0"[39m
        [33mtype[39m=[32m"button"[39m
      [36m/>[39m

      Name "oauth.continueWithFacebook":
      [36m<button[39m
        [33mclass[39m=[32m"MuiButtonBase-root MuiButton-root MuiButton-outlined MuiButton-outlinedPrimary 
MuiButton-sizeMedium MuiButton-outlinedSizeMedium MuiButton-colorPrimary MuiButton-fullWidth MuiButton-root 
MuiButton-outlined MuiButton-outlinedPrimary MuiButton-sizeMedium MuiButton-outlinedSizeMedium MuiButton-colorPrimary 
MuiButton-fullWidth css-6p68ds-MuiButtonBase-root-MuiButton-root"[39m
        [33mtabindex[39m=[32m"0"[39m
        [33mtype[39m=[32m"button"[39m
      [36m/>[39m

      Name "login.showPassword":
      [36m<button[39m
        [33maria-label[39m=[32m"login.showPassword"[39m
        [33mclass[39m=[32m"MuiButtonBase-root MuiIconButton-root MuiIconButton-edgeEnd MuiIconButton-sizeMedium 
css-xqkx4-MuiButtonBase-root-MuiIconButton-root"[39m
        [33mtabindex[39m=[32m"0"[39m
        [33mtype[39m=[32m"button"[39m
      [36m/>[39m

      Name "login.loginButton":
      [36m<button[39m
        [33mclass[39m=[32m"MuiButtonBase-root MuiButton-root MuiButton-contained MuiButton-containedPrimary 
MuiButton-sizeMedium MuiButton-containedSizeMedium MuiButton-colorPrimary MuiButton-fullWidth Mui-disabled 
MuiButton-root MuiButton-contained MuiButton-containedPrimary MuiButton-sizeMedium MuiButton-containedSizeMedium 
MuiButton-colorPrimary MuiButton-fullWidth css-hhg4u3-MuiButtonBase-root-MuiButton-root"[39m
        [33mdisabled[39m=[32m""[39m
        [33mtabindex[39m=[32m"-1"[39m
        [33mtype[39m=[32m"submit"[39m
      [36m/>[39m

      Name "login.signUp":
      [36m<button[39m
        [33mclass[39m=[32m"MuiButtonBase-root MuiButton-root MuiButton-text MuiButton-textPrimary 
MuiButton-sizeMedium MuiButton-textSizeMedium MuiButton-colorPrimary MuiButton-root MuiButton-text 
MuiButton-textPrimary MuiButton-sizeMedium MuiButton-textSizeMedium MuiButton-colorPrimary 
css-xwudqq-MuiButtonBase-root-MuiButton-root"[39m
        [33mtabindex[39m=[32m"0"[39m
        [33mtype[39m=[32m"button"[39m
      [36m/>[39m

      --------------------------------------------------
      separator:

      Name "":
      [36m<div[39m
        [33maria-orientation[39m=[32m"horizontal"[39m
        [33mclass[39m=[32m"MuiDivider-root MuiDivider-fullWidth MuiDivider-withChildren 
css-7bs9ws-MuiDivider-root"[39m
        [33mrole[39m=[32m"separator"[39m
      [36m/>[39m

      --------------------------------------------------
      textbox:

      Name "login.emailLabel":
      [36m<input[39m
        [33maria-invalid[39m=[32m"false"[39m
        [33mautocomplete[39m=[32m"email"[39m
        [33mclass[39m=[32m"MuiInputBase-input MuiOutlinedInput-input MuiInputBase-inputAdornedStart 
css-2u11ia-MuiInputBase-input-MuiOutlinedInput-input"[39m
        [33mid[39m=[32m"_r_1j_"[39m
        [33mname[39m=[32m"email"[39m
        [33mrequired[39m=[32m""[39m
        [33mtype[39m=[32m"email"[39m
        [33mvalue[39m=[32m""[39m
      [36m/>[39m

      --------------------------------------------------

    Ignored nodes: comments, script, style
    [36m<body>[39m
      [36m<div>[39m
        [36m<form[39m
          [33mclass[39m=[32m"MuiBox-root css-8atqhb"[39m
        [36m>[39m
          [36m<div[39m
            [33mclass[39m=[32m"MuiBox-root css-cacgvk"[39m
          [36m>[39m
            [36m<div[39m
              [33mclass[39m=[32m"MuiBox-root css-5aicra"[39m
            [36m>[39m
              [36m<svg[39m
                [33maria-hidden[39m=[32m"true"[39m
                [33mclass[39m=[32m"MuiSvgIcon-root MuiSvgIcon-fontSizeMedium css-1dzl1ra-MuiSvgIcon-root"[39m
                [33mdata-testid[39m=[32m"LoginIcon"[39m
                [33mfocusable[39m=[32m"false"[39m
                [33mviewBox[39m=[32m"0 0 24 24"[39m
              [36m>[39m
                [36m<path[39m
                  [33md[39m=[32m"M11 7 9.6 8.4l2.6 2.6H2v2h10.2l-2.6 2.6L11 17l5-5zm9 12h-8v2h8c1.1 0 2-.9 
2-2V5c0-1.1-.9-2-2-2h-8v2h8z"[39m
                [36m/>[39m
              [36m</svg>[39m
            [36m</div>[39m
            [36m<h2[39m
              [33mclass[39m=[32m"MuiTypography-root MuiTypography-h5 MuiTypography-gutterBottom 
css-186kllv-MuiTypography-root"[39m
            [36m>[39m
              [0mlogin.title[0m
            [36m</h2>[39m
            [36m<p[39m
              [33mclass[39m=[32m"MuiTypography-root MuiTypography-body2 css-1wle3ir-MuiTypography-root"[39m
            [36m>[39m
              [0mlogin.subtitle[0m
            [36m</p>[39m
          [36m</div>[39m
          [36m<div[39m
            [33mclass[39m=[32m"MuiBox-root css-i3pbo"[39m
          [36m>[39m
            [36m<button[39m
              [33mclass[39m=[32m"MuiButtonBase-root MuiButton-root MuiButton-outlined MuiButton-outlinedPrimary 
MuiButton-sizeMedium MuiButton-outlinedSizeMedium MuiButton-colorPrimary MuiButton-fullWidth MuiButton-root 
MuiButton-outlined MuiButton-outlinedPrimary MuiButton-sizeMedium MuiButton-outlinedSizeMedium MuiButton-colorPrimary 
MuiButton-fullWidth css-1yy0l83-MuiButtonBase-root-MuiButton-root"[39m
              [33mtabindex[39m=[32m"0"[39m
              [33mtype[39m=[32m"button"[39m
            [36m>[39m
              [36m<span[39m
                [33mclass[39m=[32m"MuiButton-icon MuiButton-startIcon MuiButton-iconSizeMedium 
css-1sh91j5-MuiButton-startIcon"[39m
              [36m>[39m
                [36m<svg[39m
                  [33mheight[39m=[32m"18"[39m
                  [33mviewBox[39m=[32m"0 0 48 48"[39m
                  [33mwidth[39m=[32m"18"[39m
                [36m>[39m
                  [36m<path[39m
                    [33md[39m=[32m"M24 9.5c3.54 0 6.71 1.22 9.21 3.6l6.85-6.85C35.9 2.38 30.47 0 24 0 14.62 0 6.51 
5.38 2.56 13.22l7.98 6.19C12.43 13.72 17.74 9.5 24 9.5z"[39m
                    [33mfill[39m=[32m"#EA4335"[39m
                  [36m/>[39m
                  [36m<path[39m
                    [33md[39m=[32m"M46.98 24.55c0-1.57-.15-3.09-.38-4.55H24v9.02h12.94c-.58 2.96-2.26 5.48-4.78 
7.18l7.73 6c4.51-4.18 7.09-10.36 7.09-17.65z"[39m
                    [33mfill[39m=[32m"#4285F4"[39m
                  [36m/>[39m
                  [36m<path[39m
                    [33md[39m=[32m"M10.53 28.59c-.48-1.45-.76-2.99-.76-4.59s.27-3.14.76-4.59l-7.98-6.19C.92 16.46 0 
20.12 0 24c0 3.88.92 7.54 2.56 10.78l7.97-6.19z"[39m
                    [33mfill[39m=[32m"#FBBC05"[39m
                  [36m/>[39m
                  [36m<path[39m
                    [33md[39m=[32m"M24 48c6.48 0 11.93-2.13 15.89-5.81l-7.73-6c-2.15 1.45-4.92 2.3-8.16 2.3-6.26 
0-11.57-4.22-13.47-9.91l-7.98 6.19C6.51 42.62 14.62 48 24 48z"[39m
                    [33mfill[39m=[32m"#34A853"[39m
                  [36m/>[39m
                [36m</svg>[39m
              [36m</span>[39m
              [0moauth.continueWithGoogle[0m
            [36m</button>[39m
            [36m<button[39m
              [33mclass[39m=[32m"MuiButtonBase-root MuiButton-root MuiButton-outlined MuiButton-outlinedPrimary 
MuiButton-sizeMedium MuiButton-outlinedSizeMedium MuiButton-colorPrimary MuiButton-fullWidth MuiButton-root 
MuiButton-outlined MuiButton-outlinedPrimary MuiButton-sizeMedium MuiButton-outlinedSizeMedium MuiButton-colorPrimary 
MuiButton-fullWidth css-6p68ds-MuiButtonBase-root-MuiButton-root"[39m
              [33mtabindex[39m=[32m"0"[39m
              [33mtype[39m=[32m"button"[39m
            [36m>[39m
              [36m<span[39m
                [33mclass[39m=[32m"MuiButton-icon MuiButton-startIcon MuiButton-iconSizeMedium 
css-1sh91j5-MuiButton-startIcon"[39m
              [36m>[39m
                [36m<svg[39m
                  [33mheight[39m=[32m"18"[39m
                  [33mviewBox[39m=[32m"0 0 48 48"[39m
                  [33mwidth[39m=[32m"18"[39m
                [36m>[39m
                  [36m<path[39m
                    [33md[39m=[32m"M48 24C48 10.745 37.255 0 24 0S0 10.745 0 24c0 11.979 8.776 21.908 20.25 
23.708v-16.77h-6.094V24h6.094v-5.288c0-6.014 3.583-9.337 9.065-9.337 2.625 0 5.372.469 5.372.469v5.906h-3.026c-2.981 
0-3.911 1.85-3.911 3.75V24h6.656l-1.064 6.938H27.75v16.77C39.224 45.908 48 35.978 48 24z"[39m
                    [33mfill[39m=[32m"#1877F2"[39m
                  [36m/>[39m
                [36m</svg>[39m
              [36m</span>[39m
              [0moauth.continueWithFacebook[0m
            [36m</button>[39m
          [36m</div>[39m
          [36m<div[39m
            [33maria-orientation[39m=[32m"horizontal"[39m
            [33mclass[39m=[32m"MuiDivider-root MuiDivider-fullWidth MuiDivider-withChildren 
css-7bs9ws-MuiDivider-root"[39m
            [33mrole[39m=[32m"separator"[39m
          [36m>[39m
            [36m<span[39m
              [33mclass[39m=[32m"MuiDivider-wrapper css-1134oje-MuiDivider-wrapper"[39m
            [36m>[39m
              [36m<p[39m
                [33mclass[39m=[32m"MuiTypography-root MuiTypography-body2 css-15sqjq-MuiTypography-root"[39m
              [36m>[39m
                [0moauth.orDivider[0m
              [36m</p>[39m
            [36m</span>[39m
          [36m</div>[39m
          [36m<div[39m
            [33mclass[39m=[32m"MuiFormControl-root MuiFormControl-marginNormal MuiFormControl-fullWidth 
MuiTextField-root css-13ra5jz-MuiFormControl-root-MuiTextField-root"[39m
          [36m>[39m
            [36m<label[39m
              [33mclass[39m=[32m"MuiFormLabel-root MuiInputLabel-root MuiInputLabel-formControl 
MuiInputLabel-animated MuiInputLabel-shrink MuiInputLabel-outlined MuiFormLabel-colorPrimary Mui-required 
MuiInputLabel-root MuiInputLabel-formControl MuiInputLabel-animated MuiInputLabel-shrink MuiInputLabel-outlined 
css-113d811-MuiFormLabel-root-MuiInputLabel-root"[39m
              [33mdata-shrink[39m=[32m"true"[39m
              [33mfor[39m=[32m"_r_1j_"[39m
              [33mid[39m=[32m"_r_1j_-label"[39m
            [36m>[39m
              [0mlogin.emailLabel[0m
              [36m<span[39m
                [33maria-hidden[39m=[32m"true"[39m
                [33mclass[39m=[32m"MuiFormLabel-asterisk MuiInputLabel-asterisk 
css-1ljffdk-MuiFormLabel-asterisk"[39m
              [36m>[39m
                [0mÔÇë[0m
                [0m*[0m
              [36m</span>[39m
            [36m</label>[39m
            [36m<div[39m
              [33mclass[39m=[32m"MuiIn...

      175 |     const emailInput = screen.getByRole('textbox', { name: /email/i })
      176 |     const passwordInput = screen.getAllByDisplayValue('')[1]
    > 177 |     const submitButton = screen.getByRole('button', { name: /connecter/i })
          |                                 ^
      178 |
      179 |     await user.type(emailInput, 'test@example.com')
      180 |     await user.type(passwordInput, 'wrongpassword')

      at Object.getElementError (node_modules/@testing-library/dom/dist/config.js:37:19)
      at node_modules/@testing-library/dom/dist/query-helpers.js:76:38
      at node_modules/@testing-library/dom/dist/query-helpers.js:52:17
      at node_modules/@testing-library/dom/dist/query-helpers.js:95:19
      at Object.getByRole (src/components/auth/__tests__/LoginForm.test.tsx:177:33)

Test Suites: 1 failed, 1 total
Tests:       3 failed, 7 passed, 10 total
Snapshots:   0 total
Time:        10.944 s, estimated 12 s
Ran all test suites matching src/components/auth/__tests__/LoginForm.test.tsx.
